{
  "schema_version": "1.0",
  "paper_claim_id": "PAPER-C001",
  "status": "close_reproduction",
  "method_exactness": "approximate",
  "reported_accuracy": 0.97,
  "primary_reproduced_accuracy": 0.9648506151142355,
  "difference": -0.005149384885764441,
  "absolute_tolerance": 0.02,
  "primary_cv": [
    {
      "method": "lp_surrogate_3_features",
      "accuracy": 0.9648506151142355,
      "fold_accuracy_mean": 0.9648809523809524,
      "fold_accuracy_std": 0.021853334599098485,
      "folds": 10,
      "sample_appearances": [
        1
      ]
    },
    {
      "method": "linear_svc_3_features",
      "accuracy": 0.968365553602812,
      "fold_accuracy_mean": 0.968421052631579,
      "fold_accuracy_std": 0.023097564512434506,
      "folds": 10,
      "sample_appearances": [
        1
      ]
    },
    {
      "method": "linear_svc_30_features",
      "accuracy": 0.9701230228471002,
      "fold_accuracy_mean": 0.9701754385964911,
      "fold_accuracy_std": 0.02870862621902593,
      "folds": 10,
      "sample_appearances": [
        1
      ]
    }
  ],
  "robustness_30x10_cv": {
    "method": "lp_surrogate_3_features",
    "accuracy": 0.9649677797305214,
    "fold_accuracy_mean": 0.9649749373433584,
    "fold_accuracy_std": 0.02321004199959427,
    "folds": 300,
    "sample_appearances": [
      30
    ],
    "repeat_accuracy": [
      0.9648506151142355,
      0.9666080843585237,
      0.9648506151142355,
      0.9648506151142355,
      0.9648506151142355,
      0.9630931458699473,
      0.9648506151142355,
      0.9630931458699473,
      0.9648506151142355,
      0.9666080843585237,
      0.9648506151142355,
      0.9648506151142355,
      0.9648506151142355,
      0.9648506151142355,
      0.9648506151142355,
      0.9666080843585237,
      0.9666080843585237,
      0.9648506151142355,
      0.9648506151142355,
      0.9648506151142355,
      0.9648506151142355,
      0.9630931458699473,
      0.9648506151142355,
      0.9666080843585237,
      0.9630931458699473,
      0.9648506151142355,
      0.9648506151142355,
      0.9648506151142355,
      0.9648506151142355,
      0.9666080843585237
    ],
    "repeat_accuracy_mean": 0.9649677797305216,
    "repeat_accuracy_std": 0.0010251182442630414,
    "repeat_accuracy_p2_5": 0.9630931458699473,
    "repeat_accuracy_p97_5": 0.9666080843585237
  },
  "dataset": {
    "path": "source/wdbc.data",
    "sha256": "d606af411f3e5be8a317a5a8b652b425aaf0ff38ca683d5327ffff94c3695f4a",
    "rows": 569,
    "features": 30,
    "malignant": 212,
    "benign": 357
  },
  "selected_features": [
    {
      "name": "mean texture",
      "zero_based_index": 1
    },
    {
      "name": "worst area",
      "zero_based_index": 23
    },
    {
      "name": "worst smoothness",
      "zero_based_index": 24
    }
  ],
  "protocol_sha256": "12234df8a8d9a03fb83486d7176b6ca4e65e13d2fb59d5a23785f1673a60eadc",
  "paper_sha256": "c4c03dcd785fffdabbfd61c9b9c8c229d77a656194b449a3c6569f775d3631fc",
  "environment": {
    "python": "3.10.6 (tags/v3.10.6:9c7b4bd, Aug  1 2022, 21:53:49) [MSC v.1932 64 bit (AMD64)]",
    "platform": "Windows-10-10.0.26200-SP0",
    "numpy": "2.2.6",
    "scipy": "1.15.3",
    "scikit_learn": "1.7.2"
  },
  "limitations": [
    "Original MSM-T software, robust-LP parameters, and fold assignments were unavailable.",
    "The primary estimator is a specified LP surrogate, so this is not an exact computational reproduction.",
    "Cross-validation estimates performance on this historical dataset; it does not establish current clinical validity."
  ]
}
